// Jest Snapshot v1, https://goo.gl/fbAQLP

exports[`footer should match the snapshot 1`] = `
ShallowWrapper {
  "length": 1,
  Symbol(enzyme.__root__): [Circular],
  Symbol(enzyme.__unrendered__): <Footer />,
  Symbol(enzyme.__renderer__): Object {
    "batchedUpdates": [Function],
    "getNode": [Function],
    "render": [Function],
    "simulateEvent": [Function],
    "unmount": [Function],
  },
  Symbol(enzyme.__node__): Object {
    "instance": null,
    "key": undefined,
    "nodeType": "host",
    "props": Object {
      "children": Array [
        <p>
          © 2018 Slvsh LLC | All rights reserved
</p>,
        <section>
          <p>
                    Follow SLVSH
          </p>
          <a
                    href="https://www.facebook.com/theslvsh"
                    rel="noopener noreferrer"
                    target="_blank"
          >
                    Facebook
          </a>
          <a
                    href="https://www.instagram.com/theslvsh"
                    rel="noopener noreferrer"
                    target="_blank"
          >
                    Instagram
          </a>
          <a
                    href="https://twitter.com/theslvsh"
                    rel="noopener noreferrer"
                    target="_blank"
          >
                    Twitter
          </a>
</section>,
      ],
      "className": "footer",
    },
    "ref": null,
    "rendered": Array [
      Object {
        "instance": null,
        "key": undefined,
        "nodeType": "host",
        "props": Object {
          "children": "© 2018 Slvsh LLC | All rights reserved",
        },
        "ref": null,
        "rendered": "© 2018 Slvsh LLC | All rights reserved",
        "type": "p",
      },
      Object {
        "instance": null,
        "key": undefined,
        "nodeType": "host",
        "props": Object {
          "children": Array [
            <p>
              Follow SLVSH
</p>,
            <a
              href="https://www.facebook.com/theslvsh"
              rel="noopener noreferrer"
              target="_blank"
>
              Facebook
</a>,
            <a
              href="https://www.instagram.com/theslvsh"
              rel="noopener noreferrer"
              target="_blank"
>
              Instagram
</a>,
            <a
              href="https://twitter.com/theslvsh"
              rel="noopener noreferrer"
              target="_blank"
>
              Twitter
</a>,
          ],
        },
        "ref": null,
        "rendered": Array [
          Object {
            "instance": null,
            "key": undefined,
            "nodeType": "host",
            "props": Object {
              "children": "Follow SLVSH",
            },
            "ref": null,
            "rendered": "Follow SLVSH",
            "type": "p",
          },
          Object {
            "instance": null,
            "key": undefined,
            "nodeType": "host",
            "props": Object {
              "children": "Facebook",
              "href": "https://www.facebook.com/theslvsh",
              "rel": "noopener noreferrer",
              "target": "_blank",
            },
            "ref": null,
            "rendered": "Facebook",
            "type": "a",
          },
          Object {
            "instance": null,
            "key": undefined,
            "nodeType": "host",
            "props": Object {
              "children": "Instagram",
              "href": "https://www.instagram.com/theslvsh",
              "rel": "noopener noreferrer",
              "target": "_blank",
            },
            "ref": null,
            "rendered": "Instagram",
            "type": "a",
          },
          Object {
            "instance": null,
            "key": undefined,
            "nodeType": "host",
            "props": Object {
              "children": "Twitter",
              "href": "https://twitter.com/theslvsh",
              "rel": "noopener noreferrer",
              "target": "_blank",
            },
            "ref": null,
            "rendered": "Twitter",
            "type": "a",
          },
        ],
        "type": "section",
      },
    ],
    "type": "footer",
  },
  Symbol(enzyme.__nodes__): Array [
    Object {
      "instance": null,
      "key": undefined,
      "nodeType": "host",
      "props": Object {
        "children": Array [
          <p>
            © 2018 Slvsh LLC | All rights reserved
</p>,
          <section>
            <p>
                        Follow SLVSH
            </p>
            <a
                        href="https://www.facebook.com/theslvsh"
                        rel="noopener noreferrer"
                        target="_blank"
            >
                        Facebook
            </a>
            <a
                        href="https://www.instagram.com/theslvsh"
                        rel="noopener noreferrer"
                        target="_blank"
            >
                        Instagram
            </a>
            <a
                        href="https://twitter.com/theslvsh"
                        rel="noopener noreferrer"
                        target="_blank"
            >
                        Twitter
            </a>
</section>,
        ],
        "className": "footer",
      },
      "ref": null,
      "rendered": Array [
        Object {
          "instance": null,
          "key": undefined,
          "nodeType": "host",
          "props": Object {
            "children": "© 2018 Slvsh LLC | All rights reserved",
          },
          "ref": null,
          "rendered": "© 2018 Slvsh LLC | All rights reserved",
          "type": "p",
        },
        Object {
          "instance": null,
          "key": undefined,
          "nodeType": "host",
          "props": Object {
            "children": Array [
              <p>
                Follow SLVSH
</p>,
              <a
                href="https://www.facebook.com/theslvsh"
                rel="noopener noreferrer"
                target="_blank"
>
                Facebook
</a>,
              <a
                href="https://www.instagram.com/theslvsh"
                rel="noopener noreferrer"
                target="_blank"
>
                Instagram
</a>,
              <a
                href="https://twitter.com/theslvsh"
                rel="noopener noreferrer"
                target="_blank"
>
                Twitter
</a>,
            ],
          },
          "ref": null,
          "rendered": Array [
            Object {
              "instance": null,
              "key": undefined,
              "nodeType": "host",
              "props": Object {
                "children": "Follow SLVSH",
              },
              "ref": null,
              "rendered": "Follow SLVSH",
              "type": "p",
            },
            Object {
              "instance": null,
              "key": undefined,
              "nodeType": "host",
              "props": Object {
                "children": "Facebook",
                "href": "https://www.facebook.com/theslvsh",
                "rel": "noopener noreferrer",
                "target": "_blank",
              },
              "ref": null,
              "rendered": "Facebook",
              "type": "a",
            },
            Object {
              "instance": null,
              "key": undefined,
              "nodeType": "host",
              "props": Object {
                "children": "Instagram",
                "href": "https://www.instagram.com/theslvsh",
                "rel": "noopener noreferrer",
                "target": "_blank",
              },
              "ref": null,
              "rendered": "Instagram",
              "type": "a",
            },
            Object {
              "instance": null,
              "key": undefined,
              "nodeType": "host",
              "props": Object {
                "children": "Twitter",
                "href": "https://twitter.com/theslvsh",
                "rel": "noopener noreferrer",
                "target": "_blank",
              },
              "ref": null,
              "rendered": "Twitter",
              "type": "a",
            },
          ],
          "type": "section",
        },
      ],
      "type": "footer",
    },
  ],
  Symbol(enzyme.__options__): Object {
    "adapter": ReactSixteenAdapter {
      "options": Object {
        "enableComponentDidUpdateOnSetState": true,
      },
    },
  },
}
`;
